$ /opt/homebrew/bin/ffmpeg -hide_banner -nostats -loglevel warning -y -i /Users/will/games/guo-guren-zhuang/audio/narration.m4a -stream_loop -1 -i /Users/will/games/guo-guren-zhuang/audio/bgm.m4a -filter_complex '[0:a]aformat=sample_fmts=fltp:sample_rates=48000:channel_layouts=stereo,atrim=start=0.000000:duration=479.400000,asetpts=PTS-STARTPTS,apad=whole_dur=479.400000[nar];[1:a]aformat=sample_fmts=fltp:sample_rates=48000:channel_layouts=stereo,atrim=start=0.000000:duration=479.400000,asetpts=PTS-STARTPTS,volume=0.25[bgm];[nar][bgm]amix=inputs=2:duration=first:normalize=0[a]' -map '[a]' -t 479.400000 -c:a pcm_f32le /Users/will/games/guo-guren-zhuang/out/.guo-guren-zhuang.mp4.audio.wav


$ /opt/homebrew/bin/ffmpeg -hide_banner -nostats -loglevel info -y -f image2pipe -framerate 30 -c:v mjpeg -thread_queue_size 1024 -i pipe:0 -i /Users/will/games/guo-guren-zhuang/out/.guo-guren-zhuang.mp4.audio.wav -filter_complex '[0:v]scale=1080:1920:in_range=full:out_range=tv:in_color_matrix=bt601:out_color_matrix=bt709:flags=bicubic+accurate_rnd+full_chroma_int,format=yuv420p[v]' -map '[v]' -map 1:a -c:v libx264 -preset slow -crf 18 -pix_fmt yuv420p -r 30 -colorspace bt709 -color_primaries bt709 -color_trc bt709 -color_range tv -c:a aac -b:a 160k -ar 48000 -t 479.400000 -shortest -movflags +faststart /Users/will/games/guo-guren-zhuang/out/guo-guren-zhuang.partial.mp4

Input #0, image2pipe, from 'pipe:0':
  Duration: N/A, bitrate: N/A
  Stream #0:0: Video: mjpeg (Baseline), yuvj420p(pc, bt470bg/unknown/unknown), 1080x1920 [SAR 1:1 DAR 9:16], 30 fps, 30 tbr, 30 tbn
[aist#1:0/pcm_f32le @ 0x727818480] Guessed Channel Layout: stereo
Input #1, wav, from '/Users/will/games/guo-guren-zhuang/out/.guo-guren-zhuang.mp4.audio.wav':
  Metadata:
    encoder         : Lavf63.1.102
  Duration: 00:07:59.40, bitrate: 3072 kb/s
  Stream #1:0: Audio: pcm_f32le ([3][0][0][0] / 0x0003), 48000 Hz, stereo, flt, 3072 kb/s
Stream mapping:
  Stream #0:0 (mjpeg) -> scale:default
  format:default -> Stream #0:0 (libx264)
  Stream #1:0 -> #0:1 (pcm_f32le (native) -> aac (native))
[swscaler @ 0x725fe0000] deprecated pixel format used, make sure you did set range correctly
[libx264 @ 0x727831180] using SAR=1/1
[libx264 @ 0x727831180] using cpu capabilities: ARMv8 NEON DotProd I8MM
[libx264 @ 0x727831180] profile High, level 5.0, 4:2:0, 8-bit
[libx264 @ 0x727831180] 264 - core 165 r3222 b35605a - H.264/MPEG-4 AVC codec - Copyleft 2003-2025 - http://www.videolan.org/x264.html - options: cabac=1 ref=5 deblock=1:0:0 analyse=0x3:0x113 me=hex subme=8 psy=1 psy_rd=1.00:0.00 mixed_ref=1 me_range=16 chroma_me=1 trellis=2 8x8dct=1 cqm=0 deadzone=21,11 fast_pskip=1 chroma_qp_offset=-2 threads=27 lookahead_threads=4 sliced_threads=0 nr=0 decimate=1 interlaced=0 bluray_compat=0 constrained_intra=0 bframes=3 b_pyramid=2 b_adapt=1 b_bias=0 direct=3 weightb=1 open_gop=0 weightp=2 keyint=250 keyint_min=25 scenecut=40 intra_refresh=0 rc_lookahead=50 rc=crf mbtree=1 crf=18.0 qcomp=0.60 qpmin=0 qpmax=69 qpstep=4 ip_ratio=1.40 aq=1:1.00
Output #0, mp4, to '/Users/will/games/guo-guren-zhuang/out/guo-guren-zhuang.partial.mp4':
  Metadata:
    encoder         : Lavf63.1.102
  Stream #0:0: Video: h264 (avc1 / 0x31637661), yuv420p(tv, bt709/unknown/unknown, progressive), 1080x1920 [SAR 1:1 DAR 9:16], q=2-31, 30 fps, 15360 tbn
    Metadata:
      encoder         : Lavc63.1.102 libx264
    Side data:
      ICC Profile: (456 bytes)
      CPB properties: bitrate max/min/avg: 0/0/0 buffer size: 0 vbv_delay: N/A
  Stream #0:1: Audio: aac (LC) (mp4a / 0x6134706D), 48000 Hz, stereo, fltp, 160 kb/s
    Metadata:
      encoder         : Lavc63.1.102 aac
[mp4 @ 0x726460500] Starting second pass: moving the moov atom to the beginning of the file
[out#0/mp4 @ 0x727824480] video:114189KiB audio:9386KiB subtitle:0KiB other streams:0KiB global headers:0KiB muxing overhead: 0.416390%
frame=14382 fps= 53 q=-1.0 Lsize=  124090KiB time=00:07:59.40 bitrate=2120.5kbits/s speed=1.77x elapsed=0:04:31.46    
[libx264 @ 0x727831180] frame I:58    Avg QP: 8.82  size:399739
[libx264 @ 0x727831180] frame P:4133  Avg QP:14.80  size: 17799
[libx264 @ 0x727831180] frame B:10191 Avg QP:21.45  size:  1980
[libx264 @ 0x727831180] consecutive B-frames:  3.9%  3.6%  3.6% 88.9%
[libx264 @ 0x727831180] mb I  I16..4:  9.2% 79.1% 11.7%
[libx264 @ 0x727831180] mb P  I16..4:  0.9%  2.7%  0.6%  P16..4:  6.5%  2.1%  2.1%  0.0%  0.0%    skip:85.1%
[libx264 @ 0x727831180] mb B  I16..4:  0.1%  0.1%  0.0%  B16..8:  4.9%  0.8%  0.3%  direct: 0.9%  skip:92.8%  L0:44.6% L1:47.6% BI: 7.8%
[libx264 @ 0x727831180] 8x8 transform intra:66.1% inter:63.7%
[libx264 @ 0x727831180] direct mvs  spatial:99.6% temporal:0.4%
[libx264 @ 0x727831180] coded y,uvDC,uvAC intra: 60.4% 45.2% 28.1% inter: 2.1% 2.7% 0.8%
[libx264 @ 0x727831180] i16 v,h,dc,p: 36% 51%  7%  6%
[libx264 @ 0x727831180] i8 v,h,dc,ddl,ddr,vr,hd,vl,hu: 13% 20% 38%  4%  4%  4%  5%  4%  7%
[libx264 @ 0x727831180] i4 v,h,dc,ddl,ddr,vr,hd,vl,hu: 22% 26% 10%  7%  8%  6%  7%  6%  8%
[libx264 @ 0x727831180] i8c dc,h,v,p: 42% 38% 17%  3%
[libx264 @ 0x727831180] Weighted P-Frames: Y:1.3% UV:0.9%
[libx264 @ 0x727831180] ref P L0: 59.5% 11.9% 12.7%  8.4%  6.3%  1.2%  0.0%
[libx264 @ 0x727831180] ref B L0: 72.3% 18.2%  7.4%  2.1%
[libx264 @ 0x727831180] ref B L1: 92.0%  8.0%
[libx264 @ 0x727831180] kb/s:1951.26
[aac @ 0x727831880] Qavg: 676.834
